// Jest Snapshot v1, https://goo.gl/fbAQLP

exports[`renders without crashing and matches snapshot 1`] = `
<BrowserRouter>
  <div
    className="App"
  >
    <Header />
    <main>
      <Switch>
        <Route
          component={[Function]}
          exact={true}
          path="/"
        />
        <Route
          component={[Function]}
          exact={true}
          path="/write"
        />
        <Route
          component={[Function]}
          exact={true}
          path="/talk"
        />
        <Route
          component={[Function]}
          exact={true}
          path="/edit"
        />
        <Provider
          store={
            Object {
              "dispatch": [Function],
              "getState": [Function],
              "replaceReducer": [Function],
              "subscribe": [Function],
              Symbol(observable): [Function],
            }
          }
        >
          <div>
            <Route
              component={[Function]}
              exact={true}
              path="/login"
            />
            <Route
              component={[Function]}
              exact={true}
              path="/register"
            />
          </div>
        </Provider>
        <Route
          component={[Function]}
        />
      </Switch>
    </main>
    <Footer />
  </div>
</BrowserRouter>
`;
