// Jest Snapshot v1, https://goo.gl/fbAQLP

exports[`renders without crashing 1`] = `
<BrowserRouter>
  <div
    className="App"
  >
    <Connect(Header) />
    <main>
      <Switch>
        <Route
          component={[Function]}
          exact={true}
          path="/"
        />
        <Route
          exact={true}
          path="/write"
          render={[Function]}
        />
        <Route
          component={[Function]}
          exact={true}
          path="/talk"
        />
        <Route
          exact={true}
          path="/edit"
          render={[Function]}
        />
        <Route
          component={[Function]}
          exact={true}
          path="/login"
        />
        <Route
          component={[Function]}
          exact={true}
          path="/register"
        />
        <Route
          component={[Function]}
          exact={true}
          path="/logout"
        />
        <Route
          component={[Function]}
        />
      </Switch>
    </main>
  </div>
  <Footer />
</BrowserRouter>
`;
