// Jest Snapshot v1, https://goo.gl/fbAQLP

exports[`renders without crashing and matches snapshot 1`] = `
<header
  className="app-header"
  role="banner"
>
  <Link
    replace={false}
    to="/"
  >
    <img
      alt="logo"
      className="app-logo"
      src="wts-pencil2.svg"
    />
    <h1
      className="app-title"
    >
      Write to Speak
    </h1>
  </Link>
  <nav>
    <Link
      replace={false}
      to="/"
    >
      Home
    </Link>
    <Link
      replace={false}
      to="/write"
    >
      Write
    </Link>
    <Link
      replace={false}
      to="/talk"
    >
      Talk
    </Link>
  </nav>
</header>
`;
