// Jest Snapshot v1, https://goo.gl/fbAQLP

exports[`renders without crashing and matches snapshot 1`] = `
<Provider
  store={
    Object {
      "dispatch": [Function],
      "getState": [Function],
      "replaceReducer": [Function],
      "subscribe": [Function],
      Symbol(observable): [Function],
    }
  }
>
  <header
    className="app-header"
    role="banner"
  >
    <nav>
      <HamburgerMenu
        className="hamburger"
      />
      <Link
        onClick={[Function]}
        replace={false}
        to="/"
      >
        Home
      </Link>
      <Link
        onClick={[Function]}
        replace={false}
        to="/write"
      >
        Write
      </Link>
      <Link
        onClick={[Function]}
        replace={false}
        to="/talk"
      >
        Talk
      </Link>
      <Link
        onClick={[Function]}
        replace={false}
        to="/edit"
      >
        Edit
      </Link>
      <Link
        replace={false}
        to="/login"
      >
        Login
      </Link>
    </nav>
    <Link
      className="title-area"
      replace={false}
      to="/"
    >
      <img
        alt="logo"
        className="app-logo"
        src="wts-pencil2.svg"
      />
      <h1
        className="app-title"
      >
        Write to Speak
      </h1>
    </Link>
  </header>
</Provider>
`;
