// Jest Snapshot v1, https://goo.gl/fbAQLP

exports[`<Talk /> Redirects to Login page when not logged in 1`] = `
<Redirect
  push={false}
  to="/login"
/>
`;

exports[`<Talk /> renders Talk page and matches snapshot 1`] = `
<section
  id="talk"
>
  <h2>
    Talk
  </h2>
  <Connect(Feedback) />
  <p
    className="page-instructions"
  >
    Click on a snippet to hear it:
  </p>
  <div
    className="page-snippets"
  >
    <div
      className="snippet-talk-line"
      key="outerDivundefined"
    >
      <Snippet
        className="snippet snippet-talk"
        click={[Function]}
        orderkey={0}
      />
      <div
        className="seb-container"
      >
        <ShowMoreButton
          buttonText="▾"
          className="snippet-expand-button"
          click={[Function]}
          id="expundefined"
          key="expundefined"
        >
          Expand
        </ShowMoreButton>
      </div>
    </div>
    <div
      className="snippet-talk-line"
      key="outerDivundefined"
    >
      <Snippet
        className="snippet snippet-talk"
        click={[Function]}
        orderkey={3}
      />
      <div
        className="seb-container"
      >
        <ShowMoreButton
          buttonText="▾"
          className="snippet-expand-button"
          click={[Function]}
          id="expundefined"
          key="expundefined"
        >
          Expand
        </ShowMoreButton>
      </div>
    </div>
    <div
      className="snippet-talk-line"
      key="outerDivundefined"
    >
      <Snippet
        className="snippet snippet-talk"
        click={[Function]}
        orderkey={2}
      />
      <div
        className="seb-container"
      >
        <ShowMoreButton
          buttonText="▾"
          className="snippet-expand-button"
          click={[Function]}
          id="expundefined"
          key="expundefined"
        >
          Expand
        </ShowMoreButton>
      </div>
    </div>
    <div
      className="snippet-talk-line"
      key="outerDivundefined"
    >
      <Snippet
        className="snippet snippet-talk"
        click={[Function]}
        orderkey={1}
      />
      <div
        className="seb-container"
      >
        <ShowMoreButton
          buttonText="▾"
          className="snippet-expand-button"
          click={[Function]}
          id="expundefined"
          key="expundefined"
        >
          Expand
        </ShowMoreButton>
      </div>
    </div>
    <div
      className="snippet-talk-line"
      key="outerDivundefined"
    >
      <Snippet
        className="snippet snippet-talk"
        click={[Function]}
        orderkey={6}
      />
      <div
        className="seb-container"
      >
        <ShowMoreButton
          buttonText="▾"
          className="snippet-expand-button"
          click={[Function]}
          id="expundefined"
          key="expundefined"
        >
          Expand
        </ShowMoreButton>
      </div>
    </div>
  </div>
  <Connect(SayIt) />
</section>
`;
