// Jest Snapshot v1, https://goo.gl/fbAQLP

exports[`renders without crashing and matches snapshot 1`] = `
<Aux>
  <h2>
    Write
  </h2>
  <WritingArea
    buttonText={
      Object {
        "resetCancel": "Reset (Delete)",
        "saveUpdate": "Save as Snippet",
      }
    }
    misspelledWords={
      Array [
        Object {
          "suggestions": Array [
            "pup",
            "puppy",
            "pop",
            "pope",
            "poppy",
            "pip",
            "pap",
            "pappy",
          ],
          "word": "ppp",
        },
        Object {
          "suggestions": Array [
            "jury",
            "Jerry",
            "jewelry",
            "dry",
          ],
          "word": "jry",
        },
      ]
    }
    visible={true}
  />
  <SpellingArea
    spellData={
      Object {
        "maxIndex": 4,
        "minIndex": 0,
        "misspelledWords": Array [
          Object {
            "suggestions": Array [
              "pup",
              "puppy",
              "pop",
              "pope",
              "poppy",
              "pip",
              "pap",
              "pappy",
            ],
            "word": "ppp",
          },
          Object {
            "suggestions": Array [
              "jury",
              "Jerry",
              "jewelry",
              "dry",
            ],
            "word": "jry",
          },
        ],
        "visible": false,
      }
    }
    visible={false}
  />
</Aux>
`;
