// Jest Snapshot v1, https://goo.gl/fbAQLP

exports[`renders without crashing and matches snapshot 1`] = `
<Aux>
  <h2>
    Write
  </h2>
  <WritingArea
    buttonText={
      Object {
        "resetCancel": "Reset (Delete)",
        "saveUpdate": "Save as Snippet",
      }
    }
    misspelledWords={
      Array [
        "bck",
        "hie",
      ]
    }
    visible={true}
  />
  <SpellingArea
    spellData={
      Object {
        "misspelledWords": Array [
          "bck",
          "hie",
        ],
      }
    }
  />
</Aux>
`;
